#1
_program
  #1
  _class
    A
    Object
    "./basic_class.test"
    (
    )
